2025-03-12 18:47:13,723 INFO o.a.j.u.JMeterUtils: Setting Locale to en_EN
2025-03-12 18:47:13,763 INFO o.a.j.JMeter: Loading user properties from: C:\apache-jmeter-5.6.3\bin\user.properties
2025-03-12 18:47:13,765 INFO o.a.j.JMeter: Loading system properties from: C:\apache-jmeter-5.6.3\bin\system.properties
2025-03-12 18:47:13,774 INFO o.a.j.JMeter: Copyright (c) 1998-2024 The Apache Software Foundation
2025-03-12 18:47:13,774 INFO o.a.j.JMeter: Version 5.6.3
2025-03-12 18:47:13,775 INFO o.a.j.JMeter: java.version=17.0.14
2025-03-12 18:47:13,775 INFO o.a.j.JMeter: java.vm.name=Java HotSpot(TM) 64-Bit Server VM
2025-03-12 18:47:13,775 INFO o.a.j.JMeter: os.name=Windows 11
2025-03-12 18:47:13,775 INFO o.a.j.JMeter: os.arch=amd64
2025-03-12 18:47:13,775 INFO o.a.j.JMeter: os.version=10.0
2025-03-12 18:47:13,775 INFO o.a.j.JMeter: file.encoding=Cp1252
2025-03-12 18:47:13,775 INFO o.a.j.JMeter: java.awt.headless=true
2025-03-12 18:47:13,775 INFO o.a.j.JMeter: Max memory     =1073741824
2025-03-12 18:47:13,775 INFO o.a.j.JMeter: Available Processors =4
2025-03-12 18:47:13,785 INFO o.a.j.JMeter: Default Locale=English (EN)
2025-03-12 18:47:13,785 INFO o.a.j.JMeter: JMeter  Locale=English (EN)
2025-03-12 18:47:13,785 INFO o.a.j.JMeter: JMeterHome=C:\apache-jmeter-5.6.3
2025-03-12 18:47:13,785 INFO o.a.j.JMeter: user.dir  =C:\Users\Anshu Kumar Pandey\Documents\GitHub\Web-App-Main
2025-03-12 18:47:13,786 INFO o.a.j.JMeter: PWD       =C:\Users\Anshu Kumar Pandey\Documents\GitHub\Web-App-Main
2025-03-12 18:47:13,789 INFO o.a.j.JMeter: IP: 192.168.82.98 Name: DESKTOP-NSISDIO FullName: DESKTOP-NSISDIO
2025-03-12 18:47:13,805 INFO o.a.j.s.FileServer: Default base='C:\Users\Anshu Kumar Pandey\Documents\GitHub\Web-App-Main'
2025-03-12 18:47:13,805 INFO o.a.j.s.FileServer: Set new base='C:\Users\Anshu Kumar Pandey\Documents\GitHub\Web-App-Main\jmx_files'
2025-03-12 18:47:14,144 INFO o.a.j.s.SaveService: Testplan (JMX) version: 2.2. Testlog (JTL) version: 2.2
2025-03-12 18:47:14,209 INFO o.a.j.s.SaveService: Using SaveService properties version 5.0
2025-03-12 18:47:14,216 INFO o.a.j.s.SaveService: Using SaveService properties file encoding UTF-8
2025-03-12 18:47:14,223 INFO o.a.j.s.SaveService: Loading file: C:\Users\Anshu Kumar Pandey\Documents\GitHub\Web-App-Main\jmx_files\testplan.jmx
2025-03-12 18:47:14,312 INFO o.a.j.p.h.s.HTTPSamplerBase: Parser for text/html is org.apache.jmeter.protocol.http.parser.LagartoBasedHtmlParser
2025-03-12 18:47:14,312 INFO o.a.j.p.h.s.HTTPSamplerBase: Parser for application/xhtml+xml is org.apache.jmeter.protocol.http.parser.LagartoBasedHtmlParser
2025-03-12 18:47:14,312 INFO o.a.j.p.h.s.HTTPSamplerBase: Parser for application/xml is org.apache.jmeter.protocol.http.parser.LagartoBasedHtmlParser
2025-03-12 18:47:14,312 INFO o.a.j.p.h.s.HTTPSamplerBase: Parser for text/xml is org.apache.jmeter.protocol.http.parser.LagartoBasedHtmlParser
2025-03-12 18:47:14,312 INFO o.a.j.p.h.s.HTTPSamplerBase: Parser for text/vnd.wap.wml is org.apache.jmeter.protocol.http.parser.RegexpHTMLParser
2025-03-12 18:47:14,312 INFO o.a.j.p.h.s.HTTPSamplerBase: Parser for text/css is org.apache.jmeter.protocol.http.parser.CssParser
2025-03-12 18:47:14,362 INFO o.a.j.JMeter: Creating summariser <summary>
2025-03-12 18:47:14,386 INFO o.a.j.e.StandardJMeterEngine: Running the test!
2025-03-12 18:47:14,387 INFO o.a.j.s.SampleEvent: List of sample_variables: []
2025-03-12 18:47:14,387 INFO o.a.j.s.SampleEvent: List of sample_variables: []
2025-03-12 18:47:14,389 INFO o.a.j.e.u.CompoundVariable: Note: Function class names must contain the string: '.functions.'
2025-03-12 18:47:14,389 INFO o.a.j.e.u.CompoundVariable: Note: Function class names must not contain the string: '.gui.'
2025-03-12 18:47:14,572 INFO o.a.j.JMeter: Running test (1741785434572)
2025-03-12 18:47:14,603 INFO o.a.j.e.StandardJMeterEngine: Starting ThreadGroup: 1 : Thread Group
2025-03-12 18:47:14,604 INFO o.a.j.e.StandardJMeterEngine: Starting 1 threads for group Thread Group.
2025-03-12 18:47:14,604 INFO o.a.j.e.StandardJMeterEngine: Thread will continue on error
2025-03-12 18:47:14,604 INFO o.a.j.t.ThreadGroup: Starting thread group... number=1 threads=1 ramp-up=1 delayedStart=false
2025-03-12 18:47:14,608 INFO o.a.j.t.ThreadGroup: Started thread group number 1
2025-03-12 18:47:14,608 INFO o.a.j.e.StandardJMeterEngine: All thread groups have been started
2025-03-12 18:47:14,608 INFO o.a.j.t.JMeterThread: Thread started: Thread Group 1-1
2025-03-12 18:47:14,637 INFO o.a.j.p.h.s.HTTPHCAbstractImpl: Local host = DESKTOP-NSISDIO
2025-03-12 18:47:14,650 INFO o.a.j.p.h.s.HTTPHC4Impl: HTTP request retry count = 0
2025-03-12 18:47:14,653 INFO o.a.j.s.SampleResult: Note: Sample TimeStamps are START times
2025-03-12 18:47:14,653 INFO o.a.j.s.SampleResult: sampleresult.default.encoding is set to UTF-8
2025-03-12 18:47:14,653 INFO o.a.j.s.SampleResult: sampleresult.useNanoTime=true
2025-03-12 18:47:14,653 INFO o.a.j.s.SampleResult: sampleresult.nanoThreadSleep=5000
2025-03-12 18:47:15,109 INFO o.a.j.p.h.s.h.LazyLayeredConnectionSocketFactory: Setting up HTTPS TrustAll Socket Factory
2025-03-12 18:47:15,125 INFO o.a.j.u.JsseSSLManager: Using default SSL protocol: TLS
2025-03-12 18:47:15,125 INFO o.a.j.u.JsseSSLManager: SSL session context: per-thread
2025-03-12 18:47:15,299 INFO o.a.j.u.SSLManager: JmeterKeyStore Location:  type JKS
2025-03-12 18:47:15,301 INFO o.a.j.u.SSLManager: KeyStore created OK
2025-03-12 18:47:15,301 WARN o.a.j.u.SSLManager: Keystore file not found, loading empty keystore
2025-03-12 18:47:16,599 INFO o.a.j.t.JMeterThread: Thread is done: Thread Group 1-1
2025-03-12 18:47:16,599 INFO o.a.j.t.JMeterThread: Thread finished: Thread Group 1-1
2025-03-12 18:47:16,599 INFO o.a.j.e.StandardJMeterEngine: Notifying test listeners of end of test
2025-03-12 18:47:16,615 INFO o.a.j.r.Summariser: summary =      1 in 00:00:02 =    0.5/s Avg:  1806 Min:  1806 Max:  1806 Err:     0 (0.00%)
